√Å˘∏‡P
»P{"Root":{"Path":"/","CreatedIndex":0,"ModifiedIndex":0,"ExpireTime":"0001-01-01T00:00:00Z","Value":"","Children":{"0":{"Path":"/0","CreatedIndex":0,"ModifiedIndex":0,"ExpireTime":"0001-01-01T00:00:00Z","Value":"","Children":{"members":{"Path":"/0/members","CreatedIndex":1,"ModifiedIndex":1,"ExpireTime":"0001-01-01T00:00:00Z","Value":"","Children":{"d82eb3460f755802":{"Path":"/0/members/d82eb3460f755802","CreatedIndex":1,"ModifiedIndex":1,"ExpireTime":"0001-01-01T00:00:00Z","Value":"","Children":{"attributes":{"Path":"/0/members/d82eb3460f755802/attributes","CreatedIndex":2,"ModifiedIndex":2,"ExpireTime":"0001-01-01T00:00:00Z","Value":"{\"name\":\"etcd_1\",\"clientURLs\":[\"http://104.236.59.112:2379\"]}","Children":null},"raftAttributes":{"Path":"/0/members/d82eb3460f755802/raftAttributes","CreatedIndex":1,"ModifiedIndex":1,"ExpireTime":"0001-01-01T00:00:00Z","Value":"{\"peerURLs\":[\"http://104.236.59.112:2380\"]}","Children":null}}}}},"version":{"Path":"/0/version","CreatedIndex":3,"ModifiedIndex":3,"ExpireTime":"0001-01-01T00:00:00Z","Value":"2.2.0","Children":null}}},"1":{"Path":"/1","CreatedIndex":0,"ModifiedIndex":0,"ExpireTime":"0001-01-01T00:00:00Z","Value":"","Children":{"docklet-vc":{"Path":"/1/docklet-vc","CreatedIndex":4,"ModifiedIndex":4,"ExpireTime":"0001-01-01T00:00:00Z","Value":"","Children":{"machines":{"Path":"/1/docklet-vc/machines","CreatedIndex":8,"ModifiedIndex":8,"ExpireTime":"0001-01-01T00:00:00Z","Value":"","Children":{"runnodes":{"Path":"/1/docklet-vc/machines/runnodes","CreatedIndex":14,"ModifiedIndex":14,"ExpireTime":"0001-01-01T00:00:00Z","Value":"","Children":{}}}},"service":{"Path":"/1/docklet-vc/service","CreatedIndex":6,"ModifiedIndex":6,"ExpireTime":"0001-01-01T00:00:00Z","Value":"","Children":{"master":{"Path":"/1/docklet-vc/service/master","CreatedIndex":11,"ModifiedIndex":11,"ExpireTime":"0001-01-01T00:00:00Z","Value":"104.236.59.112","Children":null},"mode":{"Path":"/1/docklet-vc/service/mode","CreatedIndex":12,"ModifiedIndex":12,"ExpireTime":"0001-01-01T00:00:00Z","Value":"recovery","Children":null}}},"token":{"Path":"/1/docklet-vc/token","CreatedIndex":10,"ModifiedIndex":10,"ExpireTime":"0001-01-01T00:00:00Z","Value":"57351-87471","Children":null},"web":{"Path":"/1/docklet-vc/web","CreatedIndex":4,"ModifiedIndex":4,"ExpireTime":"0001-01-01T00:00:00Z","Value":"","Children":{"authurl":{"Path":"/1/docklet-vc/web/authurl","CreatedIndex":9,"ModifiedIndex":9,"ExpireTime":"0001-01-01T00:00:00Z","Value":"http://104.236.59.112/18\n10.17.0.5:8888/jupyter","Children":null}}}}}}}}},"WatcherHub":{"EventHistory":{"Queue":{"Events":[{"action":"create","node":{"key":"/0/members/d82eb3460f755802/raftAttributes","value":"{\"peerURLs\":[\"http://104.236.59.112:2380\"]}","modifiedIndex":1,"createdIndex":1}},{"action":"set","node":{"key":"/0/members/d82eb3460f755802/attributes","value":"{\"name\":\"etcd_1\",\"clientURLs\":[\"http://104.236.59.112:2379\"]}","modifiedIndex":2,"createdIndex":2}},{"action":"set","node":{"key":"/0/version","value":"2.2.0","modifiedIndex":3,"createdIndex":3}},{"action":"set","node":{"key":"/1/docklet-vc/web/authurl","value":"http://104.236.59.112/18\n10.17.0.5:8888/jupyter","modifiedIndex":4,"createdIndex":4}},{"action":"set","node":{"key":"/1/docklet-vc/token","value":"24643-92146","modifiedIndex":5,"createdIndex":5}},{"action":"set","node":{"key":"/1/docklet-vc/service/master","value":"104.236.59.112","modifiedIndex":6,"createdIndex":6}},{"action":"set","node":{"key":"/1/docklet-vc/service/mode","value":"recovery","modifiedIndex":7,"createdIndex":7}},{"action":"set","node":{"key":"/1/docklet-vc/machines/runnodes","dir":true,"modifiedIndex":8,"createdIndex":8}},{"action":"set","node":{"key":"/1/docklet-vc/web/authurl","value":"http://104.236.59.112/18\n10.17.0.5:8888/jupyter","modifiedIndex":9,"createdIndex":9},"prevNode":{"key":"/1/docklet-vc/web/authurl","value":"http://104.236.59.112/18\n10.17.0.5:8888/jupyter","modifiedIndex":4,"createdIndex":4}},{"action":"set","node":{"key":"/1/docklet-vc/token","value":"57351-87471","modifiedIndex":10,"createdIndex":10},"prevNode":{"key":"/1/docklet-vc/token","value":"24643-92146","modifiedIndex":5,"createdIndex":5}},{"action":"set","node":{"key":"/1/docklet-vc/service/master","value":"104.236.59.112","modifiedIndex":11,"createdIndex":11},"prevNode":{"key":"/1/docklet-vc/service/master","value":"104.236.59.112","modifiedIndex":6,"createdIndex":6}},{"action":"set","node":{"key":"/1/docklet-vc/service/mode","value":"recovery","modifiedIndex":12,"createdIndex":12},"prevNode":{"key":"/1/docklet-vc/service/mode","value":"recovery","modifiedIndex":7,"createdIndex":7}},{"action":"delete","node":{"key":"/1/docklet-vc/machines/runnodes","dir":true,"modifiedIndex":13,"createdIndex":8},"prevNode":{"key":"/1/docklet-vc/machines/runnodes","dir":true,"modifiedIndex":8,"createdIndex":8}},{"action":"set","node":{"key":"/1/docklet-vc/machines/runnodes","dir":true,"modifiedIndex":14,"createdIndex":14}},null,null,null,null,null,null,null,null,null,null,null,null,null,null,null,null,null,null,null,null,null,null,null,null,null,null,null,null,null,null,null,null,null,null,null,null,null,null,null,null,null,null,null,null,null,null,null,null,null,null,null,null,null,null,null,null,null,null,null,null,null,null,null,null,null,null,null,null,null,null,null,null,null,null,null,null,null,null,null,null,null,null,null,null,null,null,null,null,null,null,null,null,null,null,null,null,null,null,null,null,null,null,null,null,null,null,null,null,null,null,null,null,null,null,null,null,null,null,null,null,null,null,null,null,null,null,null,null,null,null,null,null,null,null,null,null,null,null,null,null,null,null,null,null,null,null,null,null,null,null,null,null,null,null,null,null,null,null,null,null,null,null,null,null,null,null,null,null,null,null,null,null,null,null,null,null,null,null,null,null,null,null,null,null,null,null,null,null,null,null,null,null,null,null,null,null,null,null,null,null,null,null,null,null,null,null,null,null,null,null,null,null,null,null,null,null,null,null,null,null,null,null,null,null,null,null,null,null,null,null,null,null,null,null,null,null,null,null,null,null,null,null,null,null,null,null,null,null,null,null,null,null,null,null,null,null,null,null,null,null,null,null,null,null,null,null,null,null,null,null,null,null,null,null,null,null,null,null,null,null,null,null,null,null,null,null,null,null,null,null,null,null,null,null,null,null,null,null,null,null,null,null,null,null,null,null,null,null,null,null,null,null,null,null,null,null,null,null,null,null,null,null,null,null,null,null,null,null,null,null,null,null,null,null,null,null,null,null,null,null,null,null,null,null,null,null,null,null,null,null,null,null,null,null,null,null,null,null,null,null,null,null,null,null,null,null,null,null,null,null,null,null,null,null,null,null,null,null,null,null,null,null,null,null,null,null,null,null,null,null,null,null,null,null,null,null,null,null,null,null,null,null,null,null,null,null,null,null,null,null,null,null,null,null,null,null,null,null,null,null,null,null,null,null,null,null,null,null,null,null,null,null,null,null,null,null,null,null,null,null,null,null,null,null,null,null,null,null,null,null,null,null,null,null,null,null,null,null,null,null,null,null,null,null,null,null,null,null,null,null,null,null,null,null,null,null,null,null,null,null,null,null,null,null,null,null,null,null,null,null,null,null,null,null,null,null,null,null,null,null,null,null,null,null,null,null,null,null,null,null,null,null,null,null,null,null,null,null,null,null,null,null,null,null,null,null,null,null,null,null,null,null,null,null,null,null,null,null,null,null,null,null,null,null,null,null,null,null,null,null,null,null,null,null,null,null,null,null,null,null,null,null,null,null,null,null,null,null,null,null,null,null,null,null,null,null,null,null,null,null,null,null,null,null,null,null,null,null,null,null,null,null,null,null,null,null,null,null,null,null,null,null,null,null,null,null,null,null,null,null,null,null,null,null,null,null,null,null,null,null,null,null,null,null,null,null,null,null,null,null,null,null,null,null,null,null,null,null,null,null,null,null,null,null,null,null,null,null,null,null,null,null,null,null,null,null,null,null,null,null,null,null,null,null,null,null,null,null,null,null,null,null,null,null,null,null,null,null,null,null,null,null,null,null,null,null,null,null,null,null,null,null,null,null,null,null,null,null,null,null,null,null,null,null,null,null,null,null,null,null,null,null,null,null,null,null,null,null,null,null,null,null,null,null,null,null,null,null,null,null,null,null,null,null,null,null,null,null,null,null,null,null,null,null,null,null,null,null,null,null,null,null,null,null,null,null,null,null,null,null,null,null,null,null,null,null,null,null,null,null,null,null,null,null,null,null,null,null,null,null,null,null,null,null,null,null,null,null,null,null,null,null,null,null,null,null,null,null,null,null,null,null,null,null,null,null,null,null,null,null,null,null,null,null,null,null,null,null,null,null,null,null,null,null,null,null,null,null,null,null,null,null,null,null,null,null,null,null,null,null,null,null,null,null,null,null,null,null,null,null,null,null,null,null,null,null,null,null,null,null,null,null,null,null,null,null,null,null,null,null,null,null,null,null,null,null,null,null,null,null,null,null,null,null,null,null,null,null,null,null,null,null,null,null,null,null,null,null,null,null,null,null,null,null,null,null,null,null,null,null,null,null,null,null,null,null,null,null,null,null,null,null,null,null,null,null,null,null,null,null,null,null,null,null,null,null,null,null,null,null,null,null,null,null,null,null,null,null,null,null,null,null,null,null,null,null,null,null,null,null,null,null,null,null,null,null,null,null,null,null,null,null,null,null,null,null,null,null,null,null,null,null,null,null,null,null],"Size":14,"Front":0,"Back":14,"Capacity":1000},"StartIndex":1,"LastIndex":14}},"CurrentIndex":14,"Stats":{"getsSuccess":3,"getsFail":25,"setsSuccess":12,"setsFail":0,"deleteSuccess":1,"deleteFail":0,"updateSuccess":0,"updateFail":0,"createSuccess":1,"createFail":0,"compareAndSwapSuccess":0,"compareAndSwapFail":0,"compareAndDeleteSuccess":0,"compareAndDeleteFail":0,"expireCount":0,"watchers":0},"CurrentVersion":2}
Ç∞’˚‡Ë¨óÿÊ‘